Input board: 
1) Move Horse from (4,1) to (5,3)
2) Move Horse from (4,1) to (6,2)
3) Move Chariot from (8,7) to (8,4)
4) Move Cannon from (4,7) to (4,4)
5) Move Cannon from (4,7) to (7,7)
6) Move Soldier from (7,6) to (7,5)
Total moves: 6
