Please enter the first  number: Please enter the second number:     1 2 3 4 5
*)          9
-------------
  1 1 1 1 0 5
