Please enter the first  number: Please enter the second number:       0
*)1 2 3
-------
      0
