Please enter the first  number: Please enter the second number:                     2 1 4 7 4 8 3 6 4 7
*)                  2 1 4 7 4 8 3 6 4 7
---------------------------------------
                  1 5 0 3 2 3 8 5 5 2 9
                  8 5 8 9 9 3 4 5 8 8
              1 2 8 8 4 9 0 1 8 8 2
              6 4 4 2 4 5 0 9 4 1
          1 7 1 7 9 8 6 9 1 7 6
          8 5 8 9 9 3 4 5 8 8
      1 5 0 3 2 3 8 5 5 2 9
      8 5 8 9 9 3 4 5 8 8
    2 1 4 7 4 8 3 6 4 7
  4 2 9 4 9 6 7 2 9 4
---------------------------------------
  4 6 1 1 6 8 6 0 1 4 1 3 2 4 2 0 6 0 9
