Please enter the first  number: Please enter the second number: Error: number is out of range
