Please enter f(x) degree: Please enter f(x) coefficients: Please enter g(x) degree: Please enter g(x) coefficients: Error: invalid coefficient
