Please enter f(x) degree: Error: degree is out of range
