Please enter f(x) degree: Please enter f(x) coefficients: Error: coefficient is out of range
