Input radius: 
set_radius: 0
get_circle_area: 507.697486
get_circle_circumference: 79.874369
get_circle_circumference: 79.874369
Input n: 
get_outer_regular_polygon_area: 525.086894
Input n: 
get_outer_regular_polygon_area: 535.512289
Input x: 
get_tangent_area: 313.098901
Input x: 
get_tangent_area: 295.612282
Input n: 
get_inner_regular_polygon_area: 457.088330
Input n: 
get_inner_regular_polygon_area: 484.815387
Input n: 
get_outer_regular_polygon_area: 525.086894
