Initial Investment:           Recurring Monthly Investment: Start Month:                  Start Year:                   End Month:                    End Year:                     Annual Rate of Return (%):    Error: recurring monthly investment is out of range
