Initial Investment:           Recurring Monthly Investment: Start Month:                  Start Year:                   End Month:                    End Year:                     Annual Rate of Return (%):    --- Output ---
2000.07) 10000000/10000000/0/0%
2000.08) 13000000/13833333/833333/6.02%
2000.09) 16000000/17986111/1986111/11.04%
2000.10) 19000000/22484953/3484953/15.5%
2000.11) 22000000/27358699/5358699/19.59%
2000.12) 25000000/32638591/7638591/23.4%
2001.01) 28000000/38358474/10358474/27%
2001.02) 31000000/44555013/13555013/30.42%
2001.03) 34000000/51267931/17267931/33.68%
2001.04) 37000000/58540259/21540259/36.8%
2001.05) 40000000/66418613/26418613/39.78%
2001.06) 43000000/74953498/31953498/42.63%
2001.07) 46000000/84199623/38199623/45.37%
2001.08) 49000000/94216258/45216258/47.99%
2001.09) 52000000/105067613/53067613/50.51%
2001.10) 55000000/116823247/61823247/52.92%
2001.11) 58000000/129558518/71558518/55.23%
2001.12) 61000000/143355061/82355061/57.45%
2002.01) 64000000/158301317/94301317/59.57%
2002.02) 67000000/174493093/107493093/61.6%
2002.03) 70000000/192034184/122034184/63.55%
2002.04) 73000000/211037033/138037033/65.41%
2002.05) 76000000/231623452/155623452/67.19%
2002.06) 79000000/253925407/174925407/68.89%
2002.07) 82000000/278085857/196085857/70.51%
2002.08) 85000000/304259679/219259679/72.06%
2002.09) 88000000/332614652/244614652/73.54%
2002.10) 91000000/363332540/272332540/74.95%
2002.11) 94000000/396610251/302610251/76.3%
2002.12) 97000000/432661106/335661106/77.58%
2003.01) 100000000/471716198/371716198/78.8%
2003.02) 103000000/514025881/411025881/79.96%
2003.03) 106000000/559861371/453861371/81.07%
2003.04) 109000000/609516485/500516485/82.12%
2003.05) 112000000/663309526/551309526/83.11%
2003.06) 115000000/721585320/606585320/84.06%
2003.07) 118000000/784717430/666717430/84.96%
2003.08) 121000000/853110549/732110549/85.82%
2003.09) 124000000/927203095/803203095/86.63%
2003.10) 127000000/1007470019/880470019/87.39%
2003.11) 130000000/1094425854/964425854/88.12%
2003.12) 133000000/1188628009/1055628009/88.81%
2004.01) 136000000/1290680343/1154680343/89.46%
2004.02) 139000000/1401237038/1262237038/90.08%
2004.03) 142000000/1521006792/1379006792/90.66%
2004.04) 145000000/1650757358/1505757358/91.22%
2004.05) 148000000/1791320471/1643320471/91.74%
2004.06) 151000000/1943597177/1792597177/92.23%
2004.07) 154000000/2108563608/1954563608/92.7%
2004.08) 157000000/2287277242/2130277242/93.14%
2004.09) 160000000/2480883679/2320883679/93.55%
2004.10) 163000000/2690623986/2527623986/93.94%
2004.11) 166000000/2917842651/2751842651/94.31%
2004.12) 169000000/3163996206/2994996206/94.66%
2005.01) 172000000/3430662556/3258662556/94.99%
2005.02) 175000000/3719551102/3544551102/95.3%
2005.03) 178000000/4032513694/3854513694/95.59%
2005.04) 181000000/4371556502/4190556502/95.86%
2005.05) 184000000/4738852878/4554852878/96.12%
2005.06) 187000000/5136757284/4949757284/96.36%
2005.07) 190000000/5567820391/5377820391/96.59%
2005.08) 193000000/6034805424/5841805424/96.8%
2005.09) 196000000/6540705876/6344705876/97%
2005.10) 199000000/7088764699/6889764699/97.19%
2005.11) 202000000/7682495090/7480495090/97.37%
2005.12) 205000000/8325703015/8120703015/97.54%
2006.01) 208000000/9022511599/8814511599/97.69%
2006.02) 211000000/9777387566/9566387566/97.84%
2006.03) 214000000/10595169863/10381169863/97.98%
2006.04) 217000000/11481100685/11264100685/98.11%
2006.05) 220000000/12440859075/12220859075/98.23%
2006.06) 223000000/13480597332/13257597332/98.35%
2006.07) 226000000/14606980443/14380980443/98.45%
2006.08) 229000000/15827228813/15598228813/98.55%
2006.09) 232000000/17149164547/16917164547/98.65%
2006.10) 235000000/18581261593/18346261593/98.74%
2006.11) 238000000/20132700059/19894700059/98.82%
2006.12) 241000000/21813425064/21572425064/98.9%
2007.01) 244000000/23634210486/23390210486/98.97%
2007.02) 247000000/25606728027/25359728027/99.04%
2007.03) 250000000/27743622029/27493622029/99.1%
2007.04) 253000000/30058590532/29805590532/99.16%
2007.05) 256000000/32566473076/32310473076/99.21%
2007.06) 259000000/35283345832/35024345832/99.27%
2007.07) 262000000/38226624652/37964624652/99.31%
2007.08) 265000000/41415176706/41150176706/99.36%
2007.09) 268000000/44869441432/44601441432/99.4%
2007.10) 271000000/48611561551/48340561551/99.44%
2007.11) 274000000/52665525014/52391525014/99.48%
2007.12) 277000000/57057318765/56780318765/99.51%
2008.01) 280000000/61815095329/61535095329/99.55%
2008.02) 283000000/66969353273/66686353273/99.58%
2008.03) 286000000/72553132712/72267132712/99.61%
2008.04) 289000000/78602227105/78313227105/99.63%
2008.05) 292000000/85155412697/84863412697/99.66%
2008.06) 295000000/92254697088/91959697088/99.68%
2008.07) 298000000/99945588512/99647588512/99.7%
2008.08) 301000000/108277387555/107976387555/99.72%
2008.09) 304000000/117303503185/116999503185/99.74%
2008.10) 307000000/127081795117/126774795117/99.76%
2008.11) 310000000/137674944710/137364944710/99.77%
2008.12) 313000000/149150856769/148837856769/99.79%
2009.01) 316000000/161583094833/161267094833/99.8%
2009.02) 319000000/175051352736/174732352736/99.82%
2009.03) 322000000/189641965464/189319965464/99.83%
2009.04) 325000000/205448462586/205123462586/99.84%
2009.05) 328000000/222572167802/222244167802/99.85%
2009.06) 331000000/241122848452/240791848452/99.86%
2009.07) 334000000/261219419157/260885419157/99.87%
2009.08) 337000000/282990704086/282653704086/99.88%
2009.09) 340000000/306576262760/306236262760/99.89%
2009.10) 343000000/332127284657/331784284657/99.9%
2009.11) 346000000/359807558378/359461558378/99.9%
2009.12) 349000000/389794521577/389445521577/99.91%
2010.01) 352000000/422280398375/421928398375/99.92%
2010.02) 355000000/457473431573/457118431573/99.92%
2010.03) 358000000/495599217537/495241217537/99.93%
2010.04) 361000000/536902152332/536541152332/99.93%
2010.05) 364000000/581646998360/581282998360/99.94%
2010.06) 367000000/630120581556/629753581556/99.94%
2010.07) 370000000/682633630019/682263630019/99.95%
2010.08) 373000000/739522765854/739149765854/99.95%
2010.09) 376000000/801152663009/800776663009/99.95%
2010.10) 379000000/867918384926/867539384926/99.96%
2010.11) 382000000/940247917004/939865917004/99.96%
2010.12) 385000000/1018604910087/1018219910087/99.96%
2011.01) 388000000/1103491652595/1103103652595/99.96%
2011.02) 391000000/1195452290311/1195061290311/99.97%
2011.03) 394000000/1295076314504/1294682314504/99.97%
2011.04) 397000000/1403002340712/1402605340712/99.97%
2011.05) 400000000/1519922202438/1519522202438/99.97%
2011.06) 403000000/1646585385975/1646182385975/99.98%
2011.07) 406000000/1783803834806/1783397834806/99.98%
2011.08) 409000000/1932457154373/1932048154373/99.98%
2011.09) 412000000/2093498250571/2093086250571/99.98%
2011.10) 415000000/2267959438119/2267544438119/99.98%
2011.11) 418000000/2456959057962/2456541057962/99.98%
2011.12) 421000000/2661708646126/2661287646126/99.98%
2012.01) 424000000/2883520699969/2883096699969/99.99%
2012.02) 427000000/3123817091634/3123390091634/99.99%
2012.03) 430000000/3384138182603/3383708182603/99.99%
2012.04) 433000000/3666152697820/3665719697820/99.99%
2012.05) 436000000/3971668422638/3971232422638/99.99%
2012.06) 439000000/4302643791192/4302204791192/99.99%
2012.07) 442000000/4661200440458/4660758440458/99.99%
2012.08) 445000000/5049636810496/5049191810496/99.99%
2012.09) 448000000/5470442878037/5469994878037/99.99%
2012.10) 451000000/5926316117874/5925865117874/99.99%
2012.11) 454000000/6420178794363/6419724794363/99.99%
2012.12) 457000000/6955196693894/6954739693894/99.99%
2013.01) 460000000/7534799418385/7534339418385/99.99%
2013.02) 463000000/8162702369917/8162239369917/99.99%
2013.03) 466000000/8842930567410/8842464567410/99.99%
2013.04) 469000000/9579844448028/9579375448028/100%
2013.05) 472000000/10378167818697/10377695818697/100%
2013.06) 475000000/11243018136921/11242543136921/100%
2013.07) 478000000/12179939314998/12179461314998/100%
2013.08) 481000000/13194937257915/13194456257915/100%
2013.09) 484000000/14294518362741/14294034362741/100%
2013.10) 487000000/15485731226303/15485244226303/100%
2013.11) 490000000/16776211828495/16775721828495/100%
2013.12) 493000000/18174232480869/18173739480869/100%
2014.01) 496000000/19688754854275/19688258854275/100%
2014.02) 499000000/21329487425465/21328988425465/100%
2014.03) 502000000/23106947710920/23106445710920/100%
2014.04) 505000000/25032529686830/25032024686830/100%
2014.05) 508000000/27118576827400/27118068827400/100%
2014.06) 511000000/29378461229683/29377950229683/100%
2014.07) 514000000/31826669332157/31826155332157/100%
2014.08) 517000000/34478894776503/34478377776503/100%
2014.09) 520000000/37352139007878/37351619007878/100%
2014.10) 523000000/40464820258535/40464297258535/100%
2014.11) 526000000/43836891613413/43836365613413/100%
2014.12) 529000000/47489968914531/47489439914531/100%
2015.01) 532000000/51447469324075/51446937324075/100%
2015.02) 535000000/55734761434414/55734226434414/100%
2015.03) 538000000/60379327887282/60378789887282/100%
2015.04) 541000000/65410941544556/65410400544556/100%
2015.05) 544000000/70861856339936/70861312339936/100%
2015.06) 547000000/76767014034930/76766467034930/100%
2015.07) 550000000/83164268204508/83163718204508/100%
2015.08) 553000000/90094626888217/90094073888217/100%
2015.09) 556000000/97602515462235/97601959462235/100%
2015.10) 559000000/105736061417421/105735502417421/100%
2015.11) 562000000/114547402868873/114546840868873/100%
2015.12) 565000000/124093022774613/124092457774613/100%
2016.01) 568000000/134434111005830/134433543005830/100%
2016.02) 571000000/145636956589650/145636385589650/100%
2016.03) 574000000/157773372638787/157772798638787/100%
2016.04) 577000000/170921156692019/170920579692019/100%
2016.05) 580000000/185164589416354/185164009416354/100%
2016.06) 583000000/200594974867717/200594391867717/100%
2016.07) 586000000/217311225773360/217310639773360/100%
2016.08) 589000000/235420497587807/235419908587807/100%
2016.09) 592000000/255038875386791/255038283386791/100%
2016.10) 595000000/276292118002357/276291523002357/100%
2016.11) 598000000/299316464169220/299315866169220/100%
2016.12) 601000000/324259505849989/324258904849989/100%
2017.01) 604000000/351281134337488/351280530337488/100%
2017.02) 607000000/380554565198945/380553958198945/100%
2017.03) 610000000/412267448632191/412266838632191/100%
2017.04) 613000000/446623072351540/446622459351540/100%
2017.05) 616000000/483841664714168/483841048714168/100%
2017.06) 619000000/524161806440349/524161187440349/100%
2017.07) 622000000/567841959977045/567841337977045/100%
2017.08) 625000000/615162126308465/615161501308465/100%
2017.09) 628000000/666425639834171/666425011834171/100%
2017.10) 631000000/721961112820352/721960481820352/100%
2017.11) 634000000/782124541888715/782123907888715/100%
2017.12) 637000000/847301590046107/847300953046107/100%
2018.01) 640000000/917910058883283/917909418883283/100%
2018.02) 643000000/994402566790223/994401923790223/100%
*/*/*/*%
*/*/*/*%
*/*/*/*%
*/*/*/*%
*/*/*/*%
*/*/*/*%
*/*/*/*%
*/*/*/*%
*/*/*/*%
*/*/*/*%
*/*/*/*%
*/*/*/*%
*/*/*/*%
*/*/*/*%
*/*/*/*%
*/*/*/*%
*/*/*/*%
*/*/*/*%
*/*/*/*%
*/*/*/*%
*/*/*/*%
*/*/*/*%
*/*/*/*%
*/*/*/*%
*/*/*/*%
*/*/*/*%
*/*/*/*%
*/*/*/*%
*/*/*/*%
*/*/*/*%
*/*/*/*%
*/*/*/*%
*/*/*/*%
*/*/*/*%
*/*/*/*%
*/*/*/*%
*/*/*/*%
*/*/*/*%
*/*/*/*%
*/*/*/*%
*/*/*/*%
*/*/*/*%
*/*/*/*%
*/*/*/*%
*/*/*/*%
*/*/*/*%
*/*/*/*%
*/*/*/*%
*/*/*/*%
*/*/*/*%
*/*/*/*%
*/*/*/*%
*/*/*/*%
*/*/*/*%
*/*/*/*%
*/*/*/*%
*/*/*/*%
*/*/*/*%
*/*/*/*%
*/*/*/*%
*/*/*/*%
*/*/*/*%
*/*/*/*%
*/*/*/*%
*/*/*/*%
*/*/*/*%
*/*/*/*%
*/*/*/*%
*/*/*/*%
*/*/*/*%
*/*/*/*%
*/*/*/*%
*/*/*/*%
*/*/*/*%
*/*/*/*%
*/*/*/*%
*/*/*/*%
*/*/*/*%
*/*/*/*%
*/*/*/*%
*/*/*/*%
*/*/*/*%
*/*/*/*%
*/*/*/*%
*/*/*/*%
*/*/*/*%
*/*/*/*%
*/*/*/*%
*/*/*/*%
*/*/*/*%
*/*/*/*%
*/*/*/*%
*/*/*/*%
*/*/*/*%
*/*/*/*%
*/*/*/*%
*/*/*/*%
*/*/*/*%
*/*/*/*%
*/*/*/*%
*/*/*/*%
*/*/*/*%
*/*/*/*%
*/*/*/*%
*/*/*/*%
*/*/*/*%
*/*/*/*%
*/*/*/*%
*/*/*/*%
*/*/*/*%
*/*/*/*%
*/*/*/*%
*/*/*/*%
*/*/*/*%
*/*/*/*%
*/*/*/*%
*/*/*/*%
*/*/*/*%
*/*/*/*%
*/*/*/*%
*/*/*/*%
*/*/*/*%
*/*/*/*%
*/*/*/*%
*/*/*/*%
*/*/*/*%
*/*/*/*%
*/*/*/*%
*/*/*/*%
*/*/*/*%
*/*/*/*%
*/*/*/*%
*/*/*/*%
*/*/*/*%
*/*/*/*%
*/*/*/*%
*/*/*/*%
*/*/*/*%
*/*/*/*%
*/*/*/*%
*/*/*/*%
*/*/*/*%
*/*/*/*%
*/*/*/*%
*/*/*/*%
*/*/*/*%
*/*/*/*%
*/*/*/*%
*/*/*/*%
*/*/*/*%
*/*/*/*%
*/*/*/*%
*/*/*/*%
*/*/*/*%
*/*/*/*%
*/*/*/*%
*/*/*/*%
*/*/*/*%
*/*/*/*%
*/*/*/*%
*/*/*/*%
*/*/*/*%
*/*/*/*%
*/*/*/*%
*/*/*/*%
*/*/*/*%
*/*/*/*%
*/*/*/*%
*/*/*/*%
*/*/*/*%
*/*/*/*%
*/*/*/*%
*/*/*/*%
*/*/*/*%
*/*/*/*%
*/*/*/*%
*/*/*/*%
*/*/*/*%
*/*/*/*%
*/*/*/*%
*/*/*/*%
*/*/*/*%
*/*/*/*%
*/*/*/*%
*/*/*/*%
*/*/*/*%
*/*/*/*%
*/*/*/*%
*/*/*/*%
*/*/*/*%
*/*/*/*%
*/*/*/*%
*/*/*/*%
*/*/*/*%
*/*/*/*%
*/*/*/*%
*/*/*/*%
*/*/*/*%
*/*/*/*%
*/*/*/*%
*/*/*/*%
*/*/*/*%
*/*/*/*%
*/*/*/*%
*/*/*/*%
*/*/*/*%
*/*/*/*%
*/*/*/*%
*/*/*/*%
*/*/*/*%
*/*/*/*%
*/*/*/*%
*/*/*/*%
*/*/*/*%
*/*/*/*%
*/*/*/*%
*/*/*/*%
*/*/*/*%
*/*/*/*%
*/*/*/*%
*/*/*/*%
*/*/*/*%
*/*/*/*%
*/*/*/*%
*/*/*/*%
*/*/*/*%
*/*/*/*%
*/*/*/*%
*/*/*/*%
*/*/*/*%
*/*/*/*%
*/*/*/*%
*/*/*/*%
*/*/*/*%
*/*/*/*%
*/*/*/*%
*/*/*/*%
*/*/*/*%
*/*/*/*%
*/*/*/*%
*/*/*/*%
*/*/*/*%
*/*/*/*%
*/*/*/*%
*/*/*/*%
*/*/*/*%
*/*/*/*%
*/*/*/*%
*/*/*/*%
*/*/*/*%
*/*/*/*%
*/*/*/*%
*/*/*/*%
*/*/*/*%
*/*/*/*%
*/*/*/*%
*/*/*/*%
*/*/*/*%
*/*/*/*%
*/*/*/*%
*/*/*/*%
*/*/*/*%
*/*/*/*%
*/*/*/*%
*/*/*/*%
*/*/*/*%
*/*/*/*%
*/*/*/*%
*/*/*/*%
*/*/*/*%
*/*/*/*%
*/*/*/*%
*/*/*/*%
*/*/*/*%
*/*/*/*%
*/*/*/*%
*/*/*/*%
*/*/*/*%
*/*/*/*%
*/*/*/*%
*/*/*/*%
*/*/*/*%
*/*/*/*%
*/*/*/*%
*/*/*/*%
*/*/*/*%
*/*/*/*%
*/*/*/*%
*/*/*/*%
*/*/*/*%
*/*/*/*%
*/*/*/*%
*/*/*/*%
*/*/*/*%
*/*/*/*%
*/*/*/*%
*/*/*/*%
*/*/*/*%
*/*/*/*%
*/*/*/*%
*/*/*/*%
*/*/*/*%
*/*/*/*%
*/*/*/*%
*/*/*/*%
*/*/*/*%
*/*/*/*%
*/*/*/*%
*/*/*/*%
*/*/*/*%
*/*/*/*%
*/*/*/*%
*/*/*/*%
*/*/*/*%
*/*/*/*%
*/*/*/*%
*/*/*/*%
*/*/*/*%
*/*/*/*%
*/*/*/*%
*/*/*/*%
*/*/*/*%
*/*/*/*%
*/*/*/*%
*/*/*/*%
*/*/*/*%
*/*/*/*%
*/*/*/*%
*/*/*/*%
*/*/*/*%
*/*/*/*%
*/*/*/*%
*/*/*/*%
*/*/*/*%
*/*/*/*%
*/*/*/*%
*/*/*/*%
*/*/*/*%
*/*/*/*%
*/*/*/*%
*/*/*/*%
*/*/*/*%
*/*/*/*%
*/*/*/*%
*/*/*/*%
*/*/*/*%
*/*/*/*%
*/*/*/*%
*/*/*/*%
*/*/*/*%
*/*/*/*%
*/*/*/*%
*/*/*/*%
*/*/*/*%
*/*/*/*%
*/*/*/*%
*/*/*/*%
*/*/*/*%
*/*/*/*%
*/*/*/*%
*/*/*/*%
*/*/*/*%
*/*/*/*%
*/*/*/*%
*/*/*/*%
*/*/*/*%
*/*/*/*%
*/*/*/*%
*/*/*/*%
*/*/*/*%
*/*/*/*%
*/*/*/*%
*/*/*/*%
*/*/*/*%
*/*/*/*%
*/*/*/*%
*/*/*/*%
*/*/*/*%
*/*/*/*%
*/*/*/*%
*/*/*/*%
*/*/*/*%
*/*/*/*%
*/*/*/*%
*/*/*/*%
*/*/*/*%
*/*/*/*%
*/*/*/*%
*/*/*/*%
*/*/*/*%
*/*/*/*%
*/*/*/*%
*/*/*/*%
*/*/*/*%
*/*/*/*%
*/*/*/*%
*/*/*/*%
*/*/*/*%
*/*/*/*%
*/*/*/*%
*/*/*/*%
*/*/*/*%
*/*/*/*%
*/*/*/*%
*/*/*/*%
*/*/*/*%
*/*/*/*%
*/*/*/*%
*/*/*/*%
*/*/*/*%
*/*/*/*%
*/*/*/*%
*/*/*/*%
*/*/*/*%
*/*/*/*%
*/*/*/*%
*/*/*/*%
*/*/*/*%
*/*/*/*%
*/*/*/*%
*/*/*/*%
*/*/*/*%
*/*/*/*%
*/*/*/*%
*/*/*/*%
*/*/*/*%
*/*/*/*%
*/*/*/*%
*/*/*/*%
*/*/*/*%
*/*/*/*%
*/*/*/*%
*/*/*/*%
*/*/*/*%
*/*/*/*%
*/*/*/*%
*/*/*/*%
*/*/*/*%
*/*/*/*%
*/*/*/*%
*/*/*/*%
*/*/*/*%
*/*/*/*%
*/*/*/*%
*/*/*/*%
*/*/*/*%
*/*/*/*%
*/*/*/*%
*/*/*/*%
*/*/*/*%
*/*/*/*%
*/*/*/*%
*/*/*/*%
*/*/*/*%
*/*/*/*%
*/*/*/*%
*/*/*/*%
*/*/*/*%
*/*/*/*%
*/*/*/*%
*/*/*/*%
*/*/*/*%
*/*/*/*%
*/*/*/*%
*/*/*/*%
*/*/*/*%
*/*/*/*%
*/*/*/*%
*/*/*/*%
*/*/*/*%
*/*/*/*%
*/*/*/*%
*/*/*/*%
*/*/*/*%
*/*/*/*%
*/*/*/*%
*/*/*/*%
*/*/*/*%
*/*/*/*%
*/*/*/*%
*/*/*/*%
*/*/*/*%
*/*/*/*%
*/*/*/*%
*/*/*/*%
*/*/*/*%
*/*/*/*%
*/*/*/*%
*/*/*/*%
*/*/*/*%
*/*/*/*%
*/*/*/*%
*/*/*/*%
*/*/*/*%
*/*/*/*%
*/*/*/*%
*/*/*/*%
*/*/*/*%
*/*/*/*%
*/*/*/*%
*/*/*/*%
*/*/*/*%
*/*/*/*%
*/*/*/*%
*/*/*/*%
*/*/*/*%
*/*/*/*%
*/*/*/*%
*/*/*/*%
*/*/*/*%
*/*/*/*%
*/*/*/*%
*/*/*/*%
*/*/*/*%
*/*/*/*%
*/*/*/*%
*/*/*/*%
*/*/*/*%
*/*/*/*%
*/*/*/*%
*/*/*/*%
*/*/*/*%
*/*/*/*%
*/*/*/*%
*/*/*/*%
*/*/*/*%
*/*/*/*%
*/*/*/*%
*/*/*/*%
*/*/*/*%
*/*/*/*%
*/*/*/*%
*/*/*/*%
*/*/*/*%
*/*/*/*%
*/*/*/*%
*/*/*/*%
*/*/*/*%
*/*/*/*%
*/*/*/*%
*/*/*/*%
*/*/*/*%
*/*/*/*%
*/*/*/*%
*/*/*/*%
*/*/*/*%
*/*/*/*%
*/*/*/*%
*/*/*/*%
*/*/*/*%
*/*/*/*%
*/*/*/*%
*/*/*/*%
*/*/*/*%
*/*/*/*%
*/*/*/*%
*/*/*/*%
*/*/*/*%
*/*/*/*%
*/*/*/*%
*/*/*/*%
*/*/*/*%
*/*/*/*%
*/*/*/*%
*/*/*/*%
*/*/*/*%
*/*/*/*%
*/*/*/*%
*/*/*/*%
*/*/*/*%
*/*/*/*%
*/*/*/*%
*/*/*/*%
*/*/*/*%
*/*/*/*%
*/*/*/*%
*/*/*/*%
*/*/*/*%
*/*/*/*%
*/*/*/*%
*/*/*/*%
*/*/*/*%
*/*/*/*%
*/*/*/*%
*/*/*/*%
*/*/*/*%
*/*/*/*%
*/*/*/*%
*/*/*/*%
*/*/*/*%
*/*/*/*%
*/*/*/*%
*/*/*/*%
*/*/*/*%
*/*/*/*%
*/*/*/*%
*/*/*/*%
*/*/*/*%
*/*/*/*%
*/*/*/*%
*/*/*/*%
*/*/*/*%
*/*/*/*%
*/*/*/*%
*/*/*/*%
*/*/*/*%
*/*/*/*%
*/*/*/*%
*/*/*/*%
*/*/*/*%
*/*/*/*%
*/*/*/*%
*/*/*/*%
*/*/*/*%
*/*/*/*%
*/*/*/*%
*/*/*/*%
*/*/*/*%
*/*/*/*%
*/*/*/*%
*/*/*/*%
*/*/*/*%
*/*/*/*%
*/*/*/*%
*/*/*/*%
*/*/*/*%
*/*/*/*%
*/*/*/*%
*/*/*/*%
*/*/*/*%
*/*/*/*%
*/*/*/*%
*/*/*/*%
*/*/*/*%
*/*/*/*%
*/*/*/*%
*/*/*/*%
*/*/*/*%
*/*/*/*%
*/*/*/*%
*/*/*/*%
*/*/*/*%
*/*/*/*%
*/*/*/*%
*/*/*/*%
*/*/*/*%
*/*/*/*%
*/*/*/*%
*/*/*/*%
*/*/*/*%
*/*/*/*%
*/*/*/*%
*/*/*/*%
*/*/*/*%
*/*/*/*%
*/*/*/*%
*/*/*/*%
*/*/*/*%
*/*/*/*%
*/*/*/*%
*/*/*/*%
*/*/*/*%
*/*/*/*%
*/*/*/*%
*/*/*/*%
*/*/*/*%
*/*/*/*%
*/*/*/*%
*/*/*/*%
*/*/*/*%
*/*/*/*%
*/*/*/*%
*/*/*/*%
*/*/*/*%
*/*/*/*%
*/*/*/*%
*/*/*/*%
*/*/*/*%
*/*/*/*%
*/*/*/*%
*/*/*/*%
*/*/*/*%
*/*/*/*%
*/*/*/*%
*/*/*/*%
*/*/*/*%
*/*/*/*%
*/*/*/*%
*/*/*/*%
*/*/*/*%
*/*/*/*%
*/*/*/*%
*/*/*/*%
*/*/*/*%
*/*/*/*%
*/*/*/*%
*/*/*/*%
*/*/*/*%
*/*/*/*%
*/*/*/*%
*/*/*/*%
*/*/*/*%
*/*/*/*%
*/*/*/*%
*/*/*/*%
*/*/*/*%
*/*/*/*%
*/*/*/*%
*/*/*/*%
*/*/*/*%
*/*/*/*%
*/*/*/*%
*/*/*/*%
*/*/*/*%
*/*/*/*%
*/*/*/*%
*/*/*/*%
*/*/*/*%
*/*/*/*%
*/*/*/*%
*/*/*/*%
*/*/*/*%
*/*/*/*%
*/*/*/*%
*/*/*/*%
*/*/*/*%
*/*/*/*%
*/*/*/*%
*/*/*/*%
*/*/*/*%
*/*/*/*%
*/*/*/*%
*/*/*/*%
*/*/*/*%
*/*/*/*%
*/*/*/*%
*/*/*/*%
*/*/*/*%
*/*/*/*%
*/*/*/*%
*/*/*/*%
*/*/*/*%
*/*/*/*%
*/*/*/*%
*/*/*/*%
*/*/*/*%
*/*/*/*%
*/*/*/*%
*/*/*/*%
*/*/*/*%
*/*/*/*%
*/*/*/*%
*/*/*/*%
*/*/*/*%
*/*/*/*%
*/*/*/*%
*/*/*/*%
*/*/*/*%
*/*/*/*%
*/*/*/*%
*/*/*/*%
*/*/*/*%
*/*/*/*%
*/*/*/*%
*/*/*/*%
*/*/*/*%
*/*/*/*%
*/*/*/*%
*/*/*/*%
*/*/*/*%
*/*/*/*%
*/*/*/*%
*/*/*/*%
*/*/*/*%
*/*/*/*%
*/*/*/*%
*/*/*/*%
*/*/*/*%
*/*/*/*%
*/*/*/*%
*/*/*/*%
*/*/*/*%
*/*/*/*%
*/*/*/*%
*/*/*/*%
*/*/*/*%
*/*/*/*%
*/*/*/*%
*/*/*/*%
*/*/*/*%
*/*/*/*%
*/*/*/*%
*/*/*/*%
*/*/*/*%
*/*/*/*%
*/*/*/*%
*/*/*/*%
*/*/*/*%
*/*/*/*%
*/*/*/*%
*/*/*/*%
*/*/*/*%
*/*/*/*%
*/*/*/*%
*/*/*/*%
*/*/*/*%
*/*/*/*%
*/*/*/*%
*/*/*/*%
*/*/*/*%
*/*/*/*%
*/*/*/*%
*/*/*/*%
*/*/*/*%
*/*/*/*%
*/*/*/*%
*/*/*/*%
*/*/*/*%
*/*/*/*%
*/*/*/*%
*/*/*/*%
*/*/*/*%
*/*/*/*%
*/*/*/*%
*/*/*/*%
*/*/*/*%
*/*/*/*%
*/*/*/*%
*/*/*/*%
*/*/*/*%
*/*/*/*%
*/*/*/*%
*/*/*/*%
*/*/*/*%
*/*/*/*%
*/*/*/*%
*/*/*/*%
*/*/*/*%
*/*/*/*%
*/*/*/*%
*/*/*/*%
*/*/*/*%
*/*/*/*%
*/*/*/*%
*/*/*/*%
*/*/*/*%
*/*/*/*%
*/*/*/*%
*/*/*/*%
*/*/*/*%
*/*/*/*%
*/*/*/*%
*/*/*/*%
*/*/*/*%
*/*/*/*%
*/*/*/*%
*/*/*/*%
*/*/*/*%
*/*/*/*%
*/*/*/*%
*/*/*/*%
*/*/*/*%
*/*/*/*%
*/*/*/*%
*/*/*/*%
*/*/*/*%
*/*/*/*%
*/*/*/*%
*/*/*/*%
*/*/*/*%
*/*/*/*%
*/*/*/*%
*/*/*/*%
*/*/*/*%
*/*/*/*%
*/*/*/*%
*/*/*/*%
*/*/*/*%
*/*/*/*%
*/*/*/*%
*/*/*/*%
*/*/*/*%
*/*/*/*%
*/*/*/*%
*/*/*/*%
*/*/*/*%
*/*/*/*%
*/*/*/*%
*/*/*/*%
*/*/*/*%
*/*/*/*%
*/*/*/*%
*/*/*/*%
*/*/*/*%
*/*/*/*%
*/*/*/*%
*/*/*/*%
*/*/*/*%
*/*/*/*%
*/*/*/*%
*/*/*/*%
*/*/*/*%
*/*/*/*%
*/*/*/*%
*/*/*/*%
*/*/*/*%
*/*/*/*%
*/*/*/*%
*/*/*/*%
*/*/*/*%
*/*/*/*%
*/*/*/*%
*/*/*/*%
*/*/*/*%
*/*/*/*%
*/*/*/*%
*/*/*/*%
*/*/*/*%
*/*/*/*%
*/*/*/*%
*/*/*/*%
*/*/*/*%
*/*/*/*%
*/*/*/*%
*/*/*/*%
*/*/*/*%
*/*/*/*%
*/*/*/*%
*/*/*/*%
*/*/*/*%
*/*/*/*%
*/*/*/*%
*/*/*/*%
*/*/*/*%
*/*/*/*%
*/*/*/*%
*/*/*/*%
*/*/*/*%
*/*/*/*%
*/*/*/*%
*/*/*/*%
*/*/*/*%
*/*/*/*%
*/*/*/*%
*/*/*/*%
*/*/*/*%
*/*/*/*%
*/*/*/*%
*/*/*/*%
*/*/*/*%
*/*/*/*%
*/*/*/*%
*/*/*/*%
*/*/*/*%
*/*/*/*%
*/*/*/*%
*/*/*/*%
*/*/*/*%
*/*/*/*%
*/*/*/*%
*/*/*/*%
*/*/*/*%
*/*/*/*%
*/*/*/*%
*/*/*/*%
*/*/*/*%
*/*/*/*%
*/*/*/*%
*/*/*/*%
*/*/*/*%
*/*/*/*%
*/*/*/*%
*/*/*/*%
*/*/*/*%
*/*/*/*%
*/*/*/*%
*/*/*/*%
*/*/*/*%
*/*/*/*%
*/*/*/*%
*/*/*/*%
*/*/*/*%
*/*/*/*%
*/*/*/*%
*/*/*/*%
*/*/*/*%
