Initial Investment:           Recurring Monthly Investment: Start Month:                  Start Year:                   End Month:                    End Year:                     Annual Rate of Return (%):    --- Output ---
2000.12) 50000/50000/0/0%
2001.01) 54000/54500/500/0.92%
2001.02) 58000/59045/1045/1.77%
2001.03) 62000/63635/1635/2.57%
2001.04) 66000/68271/2271/3.33%
2001.05) 70000/72954/2954/4.05%
2001.06) 74000/77684/3684/4.74%
2001.07) 78000/82460/4460/5.41%
2001.08) 82000/87285/5285/6.06%
2001.09) 86000/92158/6158/6.68%
2001.10) 90000/97079/7079/7.29%
2001.11) 94000/102050/8050/7.89%
2001.12) 98000/107071/9071/8.47%
2002.01) 102000/112141/10141/9.04%
2002.02) 106000/117263/11263/9.61%
2002.03) 110000/122436/12436/10.16%
2002.04) 114000/127660/13660/10.7%
2002.05) 118000/132936/14936/11.24%
2002.06) 122000/138266/16266/11.76%
2002.07) 126000/143649/17649/12.29%
2002.08) 130000/149085/19085/12.8%
2002.09) 134000/154576/20576/13.31%
2002.10) 138000/160122/22122/13.82%
2002.11) 142000/165723/23723/14.32%
2002.12) 146000/171380/25380/14.81%
2003.01) 150000/177094/27094/15.3%
2003.02) 154000/182865/28865/15.79%
2003.03) 158000/188693/30693/16.27%
2003.04) 162000/194580/32580/16.74%
2003.05) 166000/200526/34526/17.22%
2003.06) 170000/206532/36532/17.69%
2003.07) 174000/212597/38597/18.16%
2003.08) 178000/218723/40723/18.62%
2003.09) 182000/224910/42910/19.08%
2003.10) 186000/231159/45159/19.54%
2003.11) 190000/237471/47471/19.99%
2003.12) 194000/243845/49845/20.44%
2004.01) 198000/250284/52284/20.89%
2004.02) 202000/256787/54787/21.34%
2004.03) 206000/263355/57355/21.78%
2004.04) 210000/269988/59988/22.22%
2004.05) 214000/276688/62688/22.66%
2004.06) 218000/283455/65455/23.09%
2004.07) 222000/290290/68290/23.52%
2004.08) 226000/297192/71192/23.96%
2004.09) 230000/304164/74164/24.38%
2004.10) 234000/311206/77206/24.81%
2004.11) 238000/318318/80318/25.23%
2004.12) 242000/325501/83501/25.65%
2005.01) 246000/332756/86756/26.07%
2005.02) 250000/340084/90084/26.49%
2005.03) 254000/347485/93485/26.9%
2005.04) 258000/354960/96960/27.32%
2005.05) 262000/362509/100509/27.73%
2005.06) 266000/370134/104134/28.13%
2005.07) 270000/377836/107836/28.54%
2005.08) 274000/385614/111614/28.94%
2005.09) 278000/393470/115470/29.35%
2005.10) 282000/401405/119405/29.75%
2005.11) 286000/409419/123419/30.14%
2005.12) 290000/417513/127513/30.54%
2006.01) 294000/425688/131688/30.94%
2006.02) 298000/433945/135945/31.33%
2006.03) 302000/442284/140284/31.72%
2006.04) 306000/450707/144707/32.11%
2006.05) 310000/459214/149214/32.49%
2006.06) 314000/467807/153807/32.88%
2006.07) 318000/476485/158485/33.26%
2006.08) 322000/485249/163249/33.64%
2006.09) 326000/494102/168102/34.02%
2006.10) 330000/503043/173043/34.4%
2006.11) 334000/512073/178073/34.78%
2006.12) 338000/521194/183194/35.15%
2007.01) 342000/530406/188406/35.52%
2007.02) 346000/539710/193710/35.89%
2007.03) 350000/549107/199107/36.26%
2007.04) 354000/558598/204598/36.63%
2007.05) 358000/568184/210184/36.99%
2007.06) 362000/577866/215866/37.36%
2007.07) 366000/587645/221645/37.72%
2007.08) 370000/597521/227521/38.08%
2007.09) 374000/607497/233497/38.44%
2007.10) 378000/617572/239572/38.79%
2007.11) 382000/627747/245747/39.15%
2007.12) 386000/638025/252025/39.5%
2008.01) 390000/648405/258405/39.85%
2008.02) 394000/658889/264889/40.2%
2008.03) 398000/669478/271478/40.55%
2008.04) 402000/680173/278173/40.9%
2008.05) 406000/690974/284974/41.24%
2008.06) 410000/701884/291884/41.59%
2008.07) 414000/712903/298903/41.93%
2008.08) 418000/724032/306032/42.27%
2008.09) 422000/735272/313272/42.61%
2008.10) 426000/746625/320625/42.94%
2008.11) 430000/758091/328091/43.28%
2008.12) 434000/769672/335672/43.61%
2009.01) 438000/781369/343369/43.94%
2009.02) 442000/793183/351183/44.28%
2009.03) 446000/805115/359115/44.6%
2009.04) 450000/817166/367166/44.93%
2009.05) 454000/829337/375337/45.26%
2009.06) 458000/841631/383631/45.58%
2009.07) 462000/854047/392047/45.9%
2009.08) 466000/866588/400588/46.23%
2009.09) 470000/879253/409253/46.55%
2009.10) 474000/892046/418046/46.86%
2009.11) 478000/904966/426966/47.18%
2009.12) 482000/918016/436016/47.5%
2010.01) 486000/931196/445196/47.81%
2010.02) 490000/944508/454508/48.12%
2010.03) 494000/957953/463953/48.43%
2010.04) 498000/971533/473533/48.74%
2010.05) 502000/985248/483248/49.05%
2010.06) 506000/999101/493101/49.35%
2010.07) 510000/1013092/503092/49.66%
2010.08) 514000/1027223/513223/49.96%
2010.09) 518000/1041495/523495/50.26%
2010.10) 522000/1055910/533910/50.56%
2010.11) 526000/1070469/544469/50.86%
2010.12) 530000/1085174/555174/51.16%
2011.01) 534000/1100025/566025/51.46%
2011.02) 538000/1115026/577026/51.75%
2011.03) 542000/1130176/588176/52.04%
2011.04) 546000/1145478/599478/52.33%
2011.05) 550000/1160932/610932/52.62%
2011.06) 554000/1176542/622542/52.91%
2011.07) 558000/1192307/634307/53.2%
2011.08) 562000/1208230/646230/53.49%
2011.09) 566000/1224313/658313/53.77%
2011.10) 570000/1240556/670556/54.05%
2011.11) 574000/1256961/682961/54.33%
2011.12) 578000/1273531/695531/54.61%
2012.01) 582000/1290266/708266/54.89%
2012.02) 586000/1307169/721169/55.17%
2012.03) 590000/1324241/734241/55.45%
2012.04) 594000/1341483/747483/55.72%
2012.05) 598000/1358898/760898/55.99%
2012.06) 602000/1376487/774487/56.27%
2012.07) 606000/1394252/788252/56.54%
2012.08) 610000/1412194/802194/56.8%
2012.09) 614000/1430316/816316/57.07%
2012.10) 618000/1448619/830619/57.34%
2012.11) 622000/1467105/845105/57.6%
2012.12) 626000/1485777/859777/57.87%
2013.01) 630000/1504634/874634/58.13%
2013.02) 634000/1523681/889681/58.39%
2013.03) 638000/1542917/904917/58.65%
2013.04) 642000/1562347/920347/58.91%
2013.05) 646000/1581970/935970/59.16%
2013.06) 650000/1601790/951790/59.42%
2013.07) 654000/1621808/967808/59.67%
2013.08) 658000/1642026/984026/59.93%
2013.09) 662000/1662446/1000446/60.18%
2013.10) 666000/1683071/1017071/60.43%
2013.11) 670000/1703901/1033901/60.68%
2013.12) 674000/1724940/1050940/60.93%
2014.01) 678000/1746190/1068190/61.17%
2014.02) 682000/1767652/1085652/61.42%
2014.03) 686000/1789328/1103328/61.66%
2014.04) 690000/1811221/1121221/61.9%
2014.05) 694000/1833334/1139334/62.15%
2014.06) 698000/1855667/1157667/62.39%
2014.07) 702000/1878224/1176224/62.62%
2014.08) 706000/1901006/1195006/62.86%
2014.09) 710000/1924016/1214016/63.1%
2014.10) 714000/1947256/1233256/63.33%
2014.11) 718000/1970729/1252729/63.57%
2014.12) 722000/1994436/1272436/63.8%
2015.01) 726000/2018380/1292380/64.03%
2015.02) 730000/2042564/1312564/64.26%
2015.03) 734000/2066990/1332990/64.49%
2015.04) 738000/2091660/1353660/64.72%
2015.05) 742000/2116576/1374576/64.94%
2015.06) 746000/2141742/1395742/65.17%
2015.07) 750000/2167159/1417159/65.39%
2015.08) 754000/2192831/1438831/65.62%
2015.09) 758000/2218759/1460759/65.84%
2015.10) 762000/2244947/1482947/66.06%
2015.11) 766000/2271396/1505396/66.28%
2015.12) 770000/2298110/1528110/66.49%
2016.01) 774000/2325091/1551091/66.71%
2016.02) 778000/2352342/1574342/66.93%
2016.03) 782000/2379866/1597866/67.14%
2016.04) 786000/2407665/1621665/67.35%
2016.05) 790000/2435741/1645741/67.57%
2016.06) 794000/2464099/1670099/67.78%
2016.07) 798000/2492740/1694740/67.99%
2016.08) 802000/2521667/1719667/68.2%
2016.09) 806000/2550884/1744884/68.4%
2016.10) 810000/2580392/1770392/68.61%
2016.11) 814000/2610196/1796196/68.81%
2016.12) 818000/2640298/1822298/69.02%
2017.01) 822000/2670701/1848701/69.22%
2017.02) 826000/2701408/1875408/69.42%
2017.03) 830000/2732422/1902422/69.62%
2017.04) 834000/2763747/1929747/69.82%
2017.05) 838000/2795384/1957384/70.02%
2017.06) 842000/2827338/1985338/70.22%
2017.07) 846000/2859611/2013611/70.42%
2017.08) 850000/2892208/2042208/70.61%
2017.09) 854000/2925130/2071130/70.8%
2017.10) 858000/2958381/2100381/71%
2017.11) 862000/2991965/2129965/71.19%
2017.12) 866000/3025884/2159884/71.38%
2018.01) 870000/3060143/2190143/71.57%
2018.02) 874000/3094745/2220745/71.76%
2018.03) 878000/3129692/2251692/71.95%
2018.04) 882000/3164989/2282989/72.13%
2018.05) 886000/3200639/2314639/72.32%
2018.06) 890000/3236645/2346645/72.5%
2018.07) 894000/3273012/2379012/72.69%
2018.08) 898000/3309742/2411742/72.87%
2018.09) 902000/3346839/2444839/73.05%
2018.10) 906000/3384308/2478308/73.23%
2018.11) 910000/3422151/2512151/73.41%
2018.12) 914000/3460372/2546372/73.59%
2019.01) 918000/3498976/2580976/73.76%
2019.02) 922000/3537966/2615966/73.94%
2019.03) 926000/3577345/2651345/74.11%
2019.04) 930000/3617119/2687119/74.29%
2019.05) 934000/3657290/2723290/74.46%
2019.06) 938000/3697863/2759863/74.63%
2019.07) 942000/3738842/2796842/74.81%
2019.08) 946000/3780230/2834230/74.98%
2019.09) 950000/3822032/2872032/75.14%
2019.10) 954000/3864253/2910253/75.31%
2019.11) 958000/3906895/2948895/75.48%
2019.12) 962000/3949964/2987964/75.65%
2020.01) 966000/3993464/3027464/75.81%
2020.02) 970000/4037399/3067399/75.97%
2020.03) 974000/4081773/3107773/76.14%
2020.04) 978000/4126590/3148590/76.3%
2020.05) 982000/4171856/3189856/76.46%
2020.06) 986000/4217575/3231575/76.62%
2020.07) 990000/4263750/3273750/76.78%
2020.08) 994000/4310388/3316388/76.94%
2020.09) 998000/4357492/3359492/77.1%
2020.10) 1002000/4405067/3403067/77.25%
2020.11) 1006000/4453117/3447117/77.41%
2020.12) 1010000/4501649/3491649/77.56%
2021.01) 1014000/4550665/3536665/77.72%
2021.02) 1018000/4600172/3582172/77.87%
2021.03) 1022000/4650174/3628174/78.02%
2021.04) 1026000/4700675/3674675/78.17%
2021.05) 1030000/4751682/3721682/78.32%
2021.06) 1034000/4803199/3769199/78.47%
2021.07) 1038000/4855231/3817231/78.62%
2021.08) 1042000/4907783/3865783/78.77%
2021.09) 1046000/4960861/3914861/78.91%
2021.10) 1050000/5014470/3964470/79.06%
2021.11) 1054000/5068614/4014614/79.21%
2021.12) 1058000/5123300/4065300/79.35%
2022.01) 1062000/5178533/4116533/79.49%
2022.02) 1066000/5234319/4168319/79.63%
2022.03) 1070000/5290662/4220662/79.78%
2022.04) 1074000/5347569/4273569/79.92%
2022.05) 1078000/5405044/4327044/80.06%
2022.06) 1082000/5463095/4381095/80.19%
2022.07) 1086000/5521726/4435726/80.33%
2022.08) 1090000/5580943/4490943/80.47%
2022.09) 1094000/5640752/4546752/80.61%
2022.10) 1098000/5701160/4603160/80.74%
2022.11) 1102000/5762172/4660172/80.88%
2022.12) 1106000/5823793/4717793/81.01%
2023.01) 1110000/5886031/4776031/81.14%
2023.02) 1114000/5948892/4834892/81.27%
2023.03) 1118000/6012380/4894380/81.41%
2023.04) 1122000/6076504/4954504/81.54%
2023.05) 1126000/6141269/5015269/81.67%
2023.06) 1130000/6206682/5076682/81.79%
2023.07) 1134000/6272749/5138749/81.92%
2023.08) 1138000/6339476/5201476/82.05%
2023.09) 1142000/6406871/5264871/82.18%
2023.10) 1146000/6474940/5328940/82.3%
2023.11) 1150000/6543689/5393689/82.43%
2023.12) 1154000/6613126/5459126/82.55%
2024.01) 1158000/6683257/5525257/82.67%
2024.02) 1162000/6754090/5592090/82.8%
2024.03) 1166000/6825631/5659631/82.92%
2024.04) 1170000/6897887/5727887/83.04%
2024.05) 1174000/6970866/5796866/83.16%
2024.06) 1178000/7044575/5866575/83.28%
2024.07) 1182000/7119020/5937020/83.4%
2024.08) 1186000/7194211/6008211/83.51%
2024.09) 1190000/7270153/6080153/83.63%
2024.10) 1194000/7346854/6152854/83.75%
2024.11) 1198000/7424323/6226323/83.86%
2024.12) 1202000/7502566/6300566/83.98%
2025.01) 1206000/7581592/6375592/84.09%
2025.02) 1210000/7661408/6451408/84.21%
2025.03) 1214000/7742022/6528022/84.32%
2025.04) 1218000/7823442/6605442/84.43%
2025.05) 1222000/7905676/6683676/84.54%
2025.06) 1226000/7988733/6762733/84.65%
2025.07) 1230000/8072620/6842620/84.76%
2025.08) 1234000/8157347/6923347/84.87%
2025.09) 1238000/8242920/7004920/84.98%
2025.10) 1242000/8329349/7087349/85.09%
2025.11) 1246000/8416643/7170643/85.2%
2025.12) 1250000/8504809/7254809/85.3%
2026.01) 1254000/8593857/7339857/85.41%
2026.02) 1258000/8683796/7425796/85.51%
2026.03) 1262000/8774634/7512634/85.62%
2026.04) 1266000/8866380/7600380/85.72%
2026.05) 1270000/8959044/7689044/85.82%
2026.06) 1274000/9052635/7778635/85.93%
2026.07) 1278000/9147161/7869161/86.03%
2026.08) 1282000/9242633/7960633/86.13%
2026.09) 1286000/9339059/8053059/86.23%
2026.10) 1290000/9436449/8146449/86.33%
2026.11) 1294000/9534814/8240814/86.43%
2026.12) 1298000/9634162/8336162/86.53%
2027.01) 1302000/9734504/8432504/86.62%
2027.02) 1306000/9835849/8529849/86.72%
2027.03) 1310000/9938207/8628207/86.82%
2027.04) 1314000/10041589/8727589/86.91%
2027.05) 1318000/10146005/8828005/87.01%
2027.06) 1322000/10251465/8929465/87.1%
2027.07) 1326000/10357980/9031980/87.2%
2027.08) 1330000/10465560/9135560/87.29%
2027.09) 1334000/10574215/9240215/87.38%
2027.10) 1338000/10683958/9345958/87.48%
2027.11) 1342000/10794797/9452797/87.57%
2027.12) 1346000/10906745/9560745/87.66%
2028.01) 1350000/11019813/9669813/87.75%
2028.02) 1354000/11134011/9780011/87.84%
2028.03) 1358000/11249351/9891351/87.93%
2028.04) 1362000/11365844/10003844/88.02%
2028.05) 1366000/11483503/10117503/88.1%
2028.06) 1370000/11602338/10232338/88.19%
2028.07) 1374000/11722361/10348361/88.28%
2028.08) 1378000/11843585/10465585/88.37%
2028.09) 1382000/11966021/10584021/88.45%
2028.10) 1386000/12089681/10703681/88.54%
2028.11) 1390000/12214578/10824578/88.62%
2028.12) 1394000/12340723/10946723/88.7%
2029.01) 1398000/12468131/11070131/88.79%
2029.02) 1402000/12596812/11194812/88.87%
2029.03) 1406000/12726780/11320780/88.95%
2029.04) 1410000/12858048/11448048/89.03%
2029.05) 1414000/12990628/11576628/89.12%
2029.06) 1418000/13124535/11706535/89.2%
2029.07) 1422000/13259780/11837780/89.28%
2029.08) 1426000/13396378/11970378/89.36%
2029.09) 1430000/13534342/12104342/89.43%
2029.10) 1434000/13673685/12239685/89.51%
2029.11) 1438000/13814422/12376422/89.59%
2029.12) 1442000/13956566/12514566/89.67%
2030.01) 1446000/14100132/12654132/89.74%
2030.02) 1450000/14245133/12795133/89.82%
2030.03) 1454000/14391584/12937584/89.9%
2030.04) 1458000/14539500/13081500/89.97%
2030.05) 1462000/14688895/13226895/90.05%
2030.06) 1466000/14839784/13373784/90.12%
2030.07) 1470000/14992182/13522182/90.19%
2030.08) 1474000/15146104/13672104/90.27%
2030.09) 1478000/15301565/13823565/90.34%
2030.10) 1482000/15458581/13976581/90.41%
2030.11) 1486000/15617166/14131166/90.48%
2030.12) 1490000/15777338/14287338/90.56%
2031.01) 1494000/15939111/14445111/90.63%
2031.02) 1498000/16102503/14604503/90.7%
2031.03) 1502000/16267528/14765528/90.77%
2031.04) 1506000/16434203/14928203/90.84%
2031.05) 1510000/16602545/15092545/90.91%
2031.06) 1514000/16772570/15258570/90.97%
2031.07) 1518000/16944296/15426296/91.04%
2031.08) 1522000/17117739/15595739/91.11%
2031.09) 1526000/17292916/15766916/91.18%
2031.10) 1530000/17469846/15939846/91.24%
2031.11) 1534000/17648544/16114544/91.31%
2031.12) 1538000/17829030/16291030/91.37%
2032.01) 1542000/18011320/16469320/91.44%
2032.02) 1546000/18195433/16649433/91.5%
2032.03) 1550000/18381387/16831387/91.57%
2032.04) 1554000/18569201/17015201/91.63%
2032.05) 1558000/18758893/17200893/91.69%
2032.06) 1562000/18950482/17388482/91.76%
2032.07) 1566000/19143987/17577987/91.82%
2032.08) 1570000/19339427/17769427/91.88%
2032.09) 1574000/19536821/17962821/91.94%
2032.10) 1578000/19736189/18158189/92%
2032.11) 1582000/19937551/18355551/92.07%
2032.12) 1586000/20140927/18554927/92.13%
2033.01) 1590000/20346336/18756336/92.19%
2033.02) 1594000/20553799/18959799/92.24%
2033.03) 1598000/20763337/19165337/92.3%
2033.04) 1602000/20974971/19372971/92.36%
2033.05) 1606000/21188721/19582721/92.42%
2033.06) 1610000/21404608/19794608/92.48%
2033.07) 1614000/21622654/20008654/92.54%
2033.08) 1618000/21842880/20224880/92.59%
2033.09) 1622000/22065309/20443309/92.65%
2033.10) 1626000/22289962/20663962/92.71%
2033.11) 1630000/22516862/20886862/92.76%
2033.12) 1634000/22746031/21112031/92.82%
2034.01) 1638000/22977491/21339491/92.87%
2034.02) 1642000/23211266/21569266/92.93%
2034.03) 1646000/23447378/21801378/92.98%
2034.04) 1650000/23685852/22035852/93.03%
2034.05) 1654000/23926711/22272711/93.09%
2034.06) 1658000/24169978/22511978/93.14%
2034.07) 1662000/24415678/22753678/93.19%
2034.08) 1666000/24663834/22997834/93.25%
2034.09) 1670000/24914473/23244473/93.3%
2034.10) 1674000/25167618/23493618/93.35%
2034.11) 1678000/25423294/23745294/93.4%
2034.12) 1682000/25681527/23999527/93.45%
2035.01) 1686000/25942342/24256342/93.5%
2035.02) 1690000/26205765/24515765/93.55%
2035.03) 1694000/26471823/24777823/93.6%
2035.04) 1698000/26740541/25042541/93.65%
2035.05) 1702000/27011947/25309947/93.7%
2035.06) 1706000/27286066/25580066/93.75%
2035.07) 1710000/27562927/25852927/93.8%
2035.08) 1714000/27842556/26128556/93.84%
2035.09) 1718000/28124982/26406982/93.89%
2035.10) 1722000/28410231/26688231/93.94%
2035.11) 1726000/28698334/26972334/93.99%
2035.12) 1730000/28989317/27259317/94.03%
2036.01) 1734000/29283210/27549210/94.08%
2036.02) 1738000/29580042/27842042/94.12%
2036.03) 1742000/29879843/28137843/94.17%
2036.04) 1746000/30182641/28436641/94.22%
2036.05) 1750000/30488468/28738468/94.26%
2036.06) 1754000/30797352/29043352/94.3%
2036.07) 1758000/31109326/29351326/94.35%
2036.08) 1762000/31424419/29662419/94.39%
2036.09) 1766000/31742663/29976663/94.44%
2036.10) 1770000/32064090/30294090/94.48%
2036.11) 1774000/32388731/30614731/94.52%
2036.12) 1778000/32716618/30938618/94.57%
2037.01) 1782000/33047784/31265784/94.61%
2037.02) 1786000/33382262/31596262/94.65%
2037.03) 1790000/33720085/31930085/94.69%
2037.04) 1794000/34061286/32267286/94.73%
2037.05) 1798000/34405899/32607899/94.77%
2037.06) 1802000/34753958/32951958/94.81%
2037.07) 1806000/35105497/33299497/94.86%
2037.08) 1810000/35460552/33650552/94.9%
2037.09) 1814000/35819158/34005158/94.94%
2037.10) 1818000/36181349/34363349/94.98%
2037.11) 1822000/36547163/34725163/95.01%
2037.12) 1826000/36916634/35090634/95.05%
2038.01) 1830000/37289801/35459801/95.09%
2038.02) 1834000/37666699/35832699/95.13%
2038.03) 1838000/38047366/36209366/95.17%
2038.04) 1842000/38431839/36589839/95.21%
2038.05) 1846000/38820158/36974158/95.24%
2038.06) 1850000/39212359/37362359/95.28%
2038.07) 1854000/39608483/37754483/95.32%
2038.08) 1858000/40008568/38150568/95.36%
2038.09) 1862000/40412653/38550653/95.39%
2038.10) 1866000/40820780/38954780/95.43%
2038.11) 1870000/41232988/39362988/95.46%
2038.12) 1874000/41649318/39775318/95.5%
2039.01) 1878000/42069811/40191811/95.54%
2039.02) 1882000/42494509/40612509/95.57%
2039.03) 1886000/42923454/41037454/95.61%
2039.04) 1890000/43356689/41466689/95.64%
2039.05) 1894000/43794256/41900256/95.68%
2039.06) 1898000/44236198/42338198/95.71%
2039.07) 1902000/44682560/42780560/95.74%
2039.08) 1906000/45133386/43227386/95.78%
2039.09) 1910000/45588720/43678720/95.81%
2039.10) 1914000/46048607/44134607/95.84%
2039.11) 1918000/46513093/44595093/95.88%
2039.12) 1922000/46982224/45060224/95.91%
2040.01) 1926000/47456046/45530046/95.94%
2040.02) 1930000/47934606/46004606/95.97%
2040.03) 1934000/48417953/46483953/96.01%
2040.04) 1938000/48906132/46968132/96.04%
2040.05) 1942000/49399193/47457193/96.07%
2040.06) 1946000/49897185/47951185/96.1%
2040.07) 1950000/50400157/48450157/96.13%
2040.08) 1954000/50908159/48954159/96.16%
2040.09) 1958000/51421240/49463240/96.19%
2040.10) 1962000/51939453/49977453/96.22%
2040.11) 1966000/52462847/50496847/96.25%
