15892421797456457344
1589242179745645734
3667777285442054
return: 0
