Please enter n (16-bits unsigned): Error: input is out of range
