Input radius: 
set_radius: 0
Input x: 
get_tangent_area: -1.000000
Input n: 
get_inner_regular_polygon_area: -1.000000
Input n: 
get_outer_regular_polygon_area: -1.000000
Input n: 
get_inner_regular_polygon_area: -1.000000
Input n: 
get_outer_regular_polygon_area: -1.000000
Input n: 
get_inner_regular_polygon_area: -1.000000
Input n: 
get_outer_regular_polygon_area: -1.000000
