Please enter the first  number: Please enter the second number:   1 2 3
*)    0
-------
      0
