Please enter the first  number: Please enter the second number:                     1 7 4 0 5 8 0 9 3 3
*)                  1 2 6 9 6 0 1 9 4 3
---------------------------------------
                    5 2 2 1 7 4 2 7 9 9
                  6 9 6 2 3 2 3 7 3 2
              1 5 6 6 5 2 2 8 3 9 7
              1 7 4 0 5 8 0 9 3 3
                              0
        1 0 4 4 3 4 8 5 5 9 8
      1 5 6 6 5 2 2 8 3 9 7
    1 0 4 4 3 4 8 5 5 9 8
    3 4 8 1 1 6 1 8 6 6
  1 7 4 0 5 8 0 9 3 3
---------------------------------------
  2 2 0 9 8 4 4 9 3 4 4 8 5 5 5 2 8 1 9
