Please input the length: Please input the number of layer: Error: the island is too big
