Please input meld: Is open group(1: YES 0: NO): Please input meld: Is open group(1: YES 0: NO): Please input meld: Is open group(1: YES 0: NO): Please input meld: Is open group(1: YES 0: NO): Please input pair: Please input winning tile: 
The Score is...
    Unreasonable case
Total: 0 Han
