Please input meld: 
The Score is...
    Unreasonable case
Total: 0 Han
