Please enter an integer: Please enter an integer: Please enter an integer: Please enter an integer: Please enter an integer: Please enter an integer: Please enter an integer: Please enter an integer: Please enter an integer: Please enter an integer: Please enter an integer: Please enter an integer: Please enter an integer: Please enter an integer: Please enter an integer: Please enter an integer: Please enter an integer: Please enter an integer: Please enter an integer: Please enter an integer: Please enter an integer: Please enter an integer: Please enter an integer: Please enter an integer: Please enter an integer: Please enter an integer: Please enter an integer: Please enter an integer: Please enter an integer: Please enter an integer: Please enter an integer: Please enter an integer: Please enter an integer: Please enter an integer: Please enter an integer: Please enter an integer: Please enter an integer: Please enter an integer: Please enter an integer: Please enter an integer: Please enter an integer: Please enter an integer: Please enter an integer: Please enter an integer: Please enter an integer: Please enter an integer: Please enter an integer: Please enter an integer: Please enter an integer: Please enter an integer: Please enter an integer: Please enter an integer: Please enter an integer: Please enter an integer: Please enter an integer: Please enter an integer: Please enter an integer: Please enter an integer: Please enter an integer: Please enter an integer: Please enter an integer: Please enter an integer: Please enter an integer: Please enter an integer: Please enter an integer: Please enter an integer: Please enter an integer: Please enter an integer: Please enter an integer: Please enter an integer: Please enter an integer: Please enter an integer: Please enter an integer: Please enter an integer: Please enter an integer: Please enter an integer: Please enter an integer: Please enter an integer: Please enter an integer: Please enter an integer: Please enter an integer: Please enter an integer: Please enter an integer: Please enter an integer: Please enter an integer: Please enter an integer: Please enter an integer: Please enter an integer: Please enter an integer: Please enter an integer: Please enter an integer: Please enter an integer: Please enter an integer: Please enter an integer: Please enter an integer: Please enter an integer: Please enter an integer: Please enter an integer: Possible States: S1, S2, S5, S6
