Please input the length: Please input the number of layer: Error: length of an island is too small
