Please input the length: Please input the number of layer: Error: number of layers is too small
